--- ESTADO INICIAL DO JOGO ---
=== Snake Step: 0 | Score: 0 | Length: 3 ===
+------------+
|............|
|............|
|............|
|.oo@.*......|
|............|
|............|
|............|
|............|
+------------+
Status: Viva e em movimento!

-> Movendo para a direita...
=== Snake Step: 1 | Score: 0 | Length: 3 ===
+------------+
|............|
|............|
|............|
|..oo@*......|
|............|
|............|
|............|
|............|
+------------+
Status: Viva e em movimento!

-> Comendo a primeira maca...
=== Snake Step: 2 | Score: 10 | Length: 4 ===
+------------+
|............|
|............|
|............|
|..ooo@..*...|
|............|
|............|
|............|
|............|
+------------+
Status: Viva e em movimento!

-> Continuando em direcao a segunda maca...
=== Snake Step: 5 | Score: 20 | Length: 5 ===
+------------+
|............|
|............|
|............|
|....oooo@...|
|............|
|............|
|........*...|
|............|
+------------+
Status: Viva e em movimento!

-> Virando para baixo...
=== Snake Step: 8 | Score: 30 | Length: 6 ===
+------------+
|............|
|............|
|..*.........|
|......ooo...|
|........o...|
|........o...|
|........@...|
|............|
+------------+
Status: Viva e em movimento!

Fim da simulacao: Pontuacao final = 30, Tamanho = 6
